interactions:
- request:
    body: status=%40mastodonpy_test+hello%21
    headers:
      Accept:
      - '*/*'
      Accept-Encoding:
      - gzip, deflate
      Authorization:
      - Bearer __MASTODON_PY_TEST_ACCESS_TOKEN_2
      Connection:
      - keep-alive
      Content-Length:
      - '34'
      Content-Type:
      - application/x-www-form-urlencoded
      User-Agent:
      - tests/v311
    method: POST
    uri: http://localhost:3000/api/v1/statuses
  response:
    body:
      string: '{"id":"111912697626642792","created_at":"2024-02-11T11:50:46.502Z","in_reply_to_id":null,"in_reply_to_account_id":null,"sensitive":false,"spoiler_text":"","visibility":"public","language":"en","uri":"http://localhost:3000/users/admin/statuses/111912697626642792","url":"http://localhost:3000/@admin/111912697626642792","replies_count":0,"reblogs_count":0,"favourites_count":0,"edited_at":null,"favourited":false,"reblogged":false,"muted":false,"bookmarked":false,"pinned":false,"content":"\u003cp\u003e\u003cspan
        class=\"h-card\"\u003e\u003ca href=\"http://localhost:3000/@mastodonpy_test\"
        class=\"u-url mention\"\u003e@\u003cspan\u003emastodonpy_test\u003c/span\u003e\u003c/a\u003e\u003c/span\u003e
        hello!\u003c/p\u003e","filtered":[],"reblog":null,"application":{"name":"Mastodon.py
        test suite","website":null},"account":{"id":"111912686719071190","username":"admin","acct":"admin","display_name":"","locked":false,"bot":false,"discoverable":null,"group":false,"created_at":"2024-02-11T00:00:00.000Z","note":"","url":"http://localhost:3000/@admin","avatar":"http://localhost:3000/avatars/original/missing.png","avatar_static":"http://localhost:3000/avatars/original/missing.png","header":"http://localhost:3000/headers/original/missing.png","header_static":"http://localhost:3000/headers/original/missing.png","followers_count":0,"following_count":0,"statuses_count":1,"last_status_at":"2024-02-11","noindex":false,"emojis":[],"roles":[{"id":"3","name":"Owner","color":""}],"fields":[]},"media_attachments":[],"mentions":[{"id":"111912686983985951","username":"mastodonpy_test","url":"http://localhost:3000/@mastodonpy_test","acct":"mastodonpy_test"}],"tags":[],"emojis":[],"card":null,"poll":null}'
    headers:
      Cache-Control:
      - private, no-store
      Content-Security-Policy:
      - default-src 'none'; frame-ancestors 'none'; form-action 'none'
      Content-Type:
      - application/json; charset=utf-8
      ETag:
      - W/"870574e7990e301d1c17807f42c5d1b6"
      Referrer-Policy:
      - strict-origin-when-cross-origin
      Transfer-Encoding:
      - chunked
      Vary:
      - Accept, Origin
      X-Content-Type-Options:
      - nosniff
      X-Download-Options:
      - noopen
      X-Frame-Options:
      - SAMEORIGIN
      X-Permitted-Cross-Domain-Policies:
      - none
      X-RateLimit-Limit:
      - '300'
      X-RateLimit-Remaining:
      - '297'
      X-RateLimit-Reset:
      - '2024-02-11T12:00:00.551592Z'
      X-Request-Id:
      - d4da69f2-1781-43d1-9b60-e2a308705cd5
      X-Runtime:
      - '0.067663'
      X-XSS-Protection:
      - 1; mode=block
    status:
      code: 200
      message: OK
- request:
    body: null
    headers:
      Accept:
      - '*/*'
      Accept-Encoding:
      - gzip, deflate
      Authorization:
      - Bearer __MASTODON_PY_TEST_ACCESS_TOKEN
      Connection:
      - keep-alive
      User-Agent:
      - tests/v311
    method: GET
    uri: http://localhost:3000/api/v1/notifications
  response:
    body:
      string: '[{"id":"21","type":"mention","created_at":"2024-02-11T11:50:46.636Z","account":{"id":"111912686719071190","username":"admin","acct":"admin","display_name":"","locked":false,"bot":false,"discoverable":null,"group":false,"created_at":"2024-02-11T00:00:00.000Z","note":"","url":"http://localhost:3000/@admin","avatar":"http://localhost:3000/avatars/original/missing.png","avatar_static":"http://localhost:3000/avatars/original/missing.png","header":"http://localhost:3000/headers/original/missing.png","header_static":"http://localhost:3000/headers/original/missing.png","followers_count":0,"following_count":0,"statuses_count":1,"last_status_at":"2024-02-11","noindex":false,"emojis":[],"roles":[{"id":"3","name":"Owner","color":""}],"fields":[]},"status":{"id":"111912697626642792","created_at":"2024-02-11T11:50:46.502Z","in_reply_to_id":null,"in_reply_to_account_id":null,"sensitive":false,"spoiler_text":"","visibility":"public","language":"en","uri":"http://localhost:3000/users/admin/statuses/111912697626642792","url":"http://localhost:3000/@admin/111912697626642792","replies_count":0,"reblogs_count":0,"favourites_count":0,"edited_at":null,"favourited":false,"reblogged":false,"muted":false,"bookmarked":false,"content":"\u003cp\u003e\u003cspan
        class=\"h-card\"\u003e\u003ca href=\"http://localhost:3000/@mastodonpy_test\"
        class=\"u-url mention\"\u003e@\u003cspan\u003emastodonpy_test\u003c/span\u003e\u003c/a\u003e\u003c/span\u003e
        hello!\u003c/p\u003e","filtered":[],"reblog":null,"application":{"name":"Mastodon.py
        test suite","website":null},"account":{"id":"111912686719071190","username":"admin","acct":"admin","display_name":"","locked":false,"bot":false,"discoverable":null,"group":false,"created_at":"2024-02-11T00:00:00.000Z","note":"","url":"http://localhost:3000/@admin","avatar":"http://localhost:3000/avatars/original/missing.png","avatar_static":"http://localhost:3000/avatars/original/missing.png","header":"http://localhost:3000/headers/original/missing.png","header_static":"http://localhost:3000/headers/original/missing.png","followers_count":0,"following_count":0,"statuses_count":1,"last_status_at":"2024-02-11","noindex":false,"emojis":[],"roles":[{"id":"3","name":"Owner","color":""}],"fields":[]},"media_attachments":[],"mentions":[{"id":"111912686983985951","username":"mastodonpy_test","url":"http://localhost:3000/@mastodonpy_test","acct":"mastodonpy_test"}],"tags":[],"emojis":[],"card":null,"poll":null}}]'
    headers:
      Cache-Control:
      - private, no-store
      Content-Security-Policy:
      - default-src 'none'; frame-ancestors 'none'; form-action 'none'
      Content-Type:
      - application/json; charset=utf-8
      ETag:
      - W/"3d44107348b2c6ef8a781af3fd5d5bce"
      Link:
      - <http://localhost:3000/api/v1/notifications?max_id=21>; rel="next", <http://localhost:3000/api/v1/notifications?min_id=21>;
        rel="prev"
      Referrer-Policy:
      - strict-origin-when-cross-origin
      Transfer-Encoding:
      - chunked
      Vary:
      - Accept, Origin
      X-Content-Type-Options:
      - nosniff
      X-Download-Options:
      - noopen
      X-Frame-Options:
      - SAMEORIGIN
      X-Permitted-Cross-Domain-Policies:
      - none
      X-Request-Id:
      - 1b4bb879-c91c-411a-ae17-3beb4db44f5c
      X-Runtime:
      - '0.106628'
      X-XSS-Protection:
      - 1; mode=block
    status:
      code: 200
      message: OK
- request:
    body: null
    headers:
      Accept:
      - '*/*'
      Accept-Encoding:
      - gzip, deflate
      Authorization:
      - Bearer __MASTODON_PY_TEST_ACCESS_TOKEN
      Connection:
      - keep-alive
      User-Agent:
      - tests/v311
    method: GET
    uri: http://localhost:3000/api/v1/notifications/21
  response:
    body:
      string: '{"id":"21","type":"mention","created_at":"2024-02-11T11:50:46.636Z","account":{"id":"111912686719071190","username":"admin","acct":"admin","display_name":"","locked":false,"bot":false,"discoverable":null,"group":false,"created_at":"2024-02-11T00:00:00.000Z","note":"","url":"http://localhost:3000/@admin","avatar":"http://localhost:3000/avatars/original/missing.png","avatar_static":"http://localhost:3000/avatars/original/missing.png","header":"http://localhost:3000/headers/original/missing.png","header_static":"http://localhost:3000/headers/original/missing.png","followers_count":0,"following_count":0,"statuses_count":1,"last_status_at":"2024-02-11","noindex":false,"emojis":[],"roles":[{"id":"3","name":"Owner","color":""}],"fields":[]},"status":{"id":"111912697626642792","created_at":"2024-02-11T11:50:46.502Z","in_reply_to_id":null,"in_reply_to_account_id":null,"sensitive":false,"spoiler_text":"","visibility":"public","language":"en","uri":"http://localhost:3000/users/admin/statuses/111912697626642792","url":"http://localhost:3000/@admin/111912697626642792","replies_count":0,"reblogs_count":0,"favourites_count":0,"edited_at":null,"favourited":false,"reblogged":false,"muted":false,"bookmarked":false,"content":"\u003cp\u003e\u003cspan
        class=\"h-card\"\u003e\u003ca href=\"http://localhost:3000/@mastodonpy_test\"
        class=\"u-url mention\"\u003e@\u003cspan\u003emastodonpy_test\u003c/span\u003e\u003c/a\u003e\u003c/span\u003e
        hello!\u003c/p\u003e","filtered":[],"reblog":null,"application":{"name":"Mastodon.py
        test suite","website":null},"account":{"id":"111912686719071190","username":"admin","acct":"admin","display_name":"","locked":false,"bot":false,"discoverable":null,"group":false,"created_at":"2024-02-11T00:00:00.000Z","note":"","url":"http://localhost:3000/@admin","avatar":"http://localhost:3000/avatars/original/missing.png","avatar_static":"http://localhost:3000/avatars/original/missing.png","header":"http://localhost:3000/headers/original/missing.png","header_static":"http://localhost:3000/headers/original/missing.png","followers_count":0,"following_count":0,"statuses_count":1,"last_status_at":"2024-02-11","noindex":false,"emojis":[],"roles":[{"id":"3","name":"Owner","color":""}],"fields":[]},"media_attachments":[],"mentions":[{"id":"111912686983985951","username":"mastodonpy_test","url":"http://localhost:3000/@mastodonpy_test","acct":"mastodonpy_test"}],"tags":[],"emojis":[],"card":null,"poll":null}}'
    headers:
      Cache-Control:
      - private, no-store
      Content-Security-Policy:
      - default-src 'none'; frame-ancestors 'none'; form-action 'none'
      Content-Type:
      - application/json; charset=utf-8
      ETag:
      - W/"9e2e4a7c7ba99b6083b153f03a8998c0"
      Referrer-Policy:
      - strict-origin-when-cross-origin
      Transfer-Encoding:
      - chunked
      Vary:
      - Accept, Origin
      X-Content-Type-Options:
      - nosniff
      X-Download-Options:
      - noopen
      X-Frame-Options:
      - SAMEORIGIN
      X-Permitted-Cross-Domain-Policies:
      - none
      X-Request-Id:
      - 0e898454-5959-45f7-a4d8-6fe21408100b
      X-Runtime:
      - '0.039137'
      X-XSS-Protection:
      - 1; mode=block
    status:
      code: 200
      message: OK
- request:
    body: null
    headers:
      Accept:
      - '*/*'
      Accept-Encoding:
      - gzip, deflate
      Authorization:
      - Bearer __MASTODON_PY_TEST_ACCESS_TOKEN_2
      Connection:
      - keep-alive
      Content-Length:
      - '0'
      User-Agent:
      - tests/v311
    method: DELETE
    uri: http://localhost:3000/api/v1/statuses/111912697626642792
  response:
    body:
      string: '{"id":"111912697626642792","created_at":"2024-02-11T11:50:46.502Z","in_reply_to_id":null,"in_reply_to_account_id":null,"sensitive":false,"spoiler_text":"","visibility":"public","language":"en","uri":"http://localhost:3000/users/admin/statuses/111912697626642792","url":"http://localhost:3000/@admin/111912697626642792","replies_count":0,"reblogs_count":0,"favourites_count":0,"edited_at":null,"favourited":false,"reblogged":false,"muted":false,"bookmarked":false,"pinned":false,"text":"@mastodonpy_test
        hello!","filtered":[],"reblog":null,"application":{"name":"Mastodon.py test
        suite","website":null},"account":{"id":"111912686719071190","username":"admin","acct":"admin","display_name":"","locked":false,"bot":false,"discoverable":null,"group":false,"created_at":"2024-02-11T00:00:00.000Z","note":"","url":"http://localhost:3000/@admin","avatar":"http://localhost:3000/avatars/original/missing.png","avatar_static":"http://localhost:3000/avatars/original/missing.png","header":"http://localhost:3000/headers/original/missing.png","header_static":"http://localhost:3000/headers/original/missing.png","followers_count":0,"following_count":0,"statuses_count":0,"last_status_at":"2024-02-11","noindex":false,"emojis":[],"roles":[{"id":"3","name":"Owner","color":""}],"fields":[]},"media_attachments":[],"mentions":[{"id":"111912686983985951","username":"mastodonpy_test","url":"http://localhost:3000/@mastodonpy_test","acct":"mastodonpy_test"}],"tags":[],"emojis":[],"card":null,"poll":null}'
    headers:
      Cache-Control:
      - private, no-store
      Content-Security-Policy:
      - default-src 'none'; frame-ancestors 'none'; form-action 'none'
      Content-Type:
      - application/json; charset=utf-8
      ETag:
      - W/"8c8c1386d72c9635da9635701e7d30d5"
      Referrer-Policy:
      - strict-origin-when-cross-origin
      Transfer-Encoding:
      - chunked
      Vary:
      - Accept, Origin
      X-Content-Type-Options:
      - nosniff
      X-Download-Options:
      - noopen
      X-Frame-Options:
      - SAMEORIGIN
      X-Permitted-Cross-Domain-Policies:
      - none
      X-Request-Id:
      - 29d6cd3f-bed0-4489-9c58-bdeaf81d7fae
      X-Runtime:
      - '0.043591'
      X-XSS-Protection:
      - 1; mode=block
    status:
      code: 200
      message: OK
version: 1
