interactions:
- request:
    body: null
    headers:
      Accept:
      - '*/*'
      Accept-Encoding:
      - gzip, deflate
      Authorization:
      - Bearer __MASTODON_PY_TEST_ACCESS_TOKEN
      Connection:
      - keep-alive
      User-Agent:
      - tests/v311
    method: GET
    uri: http://localhost:3000/api/v1/accounts/verify_credentials
  response:
    body:
      string: '{"id":"111912686983985951","username":"mastodonpy_test","acct":"mastodonpy_test","display_name":"John
        Lennon","locked":true,"bot":false,"discoverable":null,"group":false,"created_at":"2024-02-11T00:00:00.000Z","note":"\u003cp\u003eI
        walk funny\u003c/p\u003e","url":"http://localhost:3000/@mastodonpy_test","avatar":"http://localhost:3000/system/accounts/avatars/111/912/686/983/985/951/original/d12b874e353776ad.jpg","avatar_static":"http://localhost:3000/system/accounts/avatars/111/912/686/983/985/951/original/d12b874e353776ad.jpg","header":"http://localhost:3000/system/accounts/headers/111/912/686/983/985/951/original/7293a7e8cf057bc7.jpg","header_static":"http://localhost:3000/system/accounts/headers/111/912/686/983/985/951/original/7293a7e8cf057bc7.jpg","followers_count":0,"following_count":0,"statuses_count":0,"last_status_at":"2024-02-11","noindex":false,"source":{"privacy":"public","sensitive":false,"language":null,"note":"I
        walk funny","fields":[{"name":"bread","value":"toasty.","verified_at":null},{"name":"lasagna","value":"no!!!","verified_at":null}],"follow_requests_count":0},"emojis":[],"roles":[],"fields":[{"name":"bread","value":"toasty.","verified_at":null},{"name":"lasagna","value":"no!!!","verified_at":null}],"role":{"id":"-99","name":"","permissions":"65536","color":"","highlighted":false}}'
    headers:
      Cache-Control:
      - private, no-store
      Content-Security-Policy:
      - default-src 'none'; frame-ancestors 'none'; form-action 'none'
      Content-Type:
      - application/json; charset=utf-8
      ETag:
      - W/"2e06e62b7f2a1c6c870b1c9b51ea696a"
      Referrer-Policy:
      - strict-origin-when-cross-origin
      Transfer-Encoding:
      - chunked
      Vary:
      - Accept, Origin
      X-Content-Type-Options:
      - nosniff
      X-Download-Options:
      - noopen
      X-Frame-Options:
      - SAMEORIGIN
      X-Permitted-Cross-Domain-Policies:
      - none
      X-Request-Id:
      - 7618cf63-def8-4ab3-9306-ac6e8bf64d1e
      X-Runtime:
      - '0.016431'
      X-XSS-Protection:
      - 1; mode=block
    status:
      code: 200
      message: OK
- request:
    body: null
    headers:
      Accept:
      - '*/*'
      Accept-Encoding:
      - gzip, deflate
      Authorization:
      - Bearer __MASTODON_PY_TEST_ACCESS_TOKEN
      Connection:
      - keep-alive
      User-Agent:
      - tests/v311
    method: GET
    uri: http://localhost:3000/api/v1/accounts/lookup?acct=kljadklajsdkljlkjlkjlkjasdasd
  response:
    body:
      string: '{"error":"Record not found"}'
    headers:
      Cache-Control:
      - private, no-store
      Content-Security-Policy:
      - default-src 'none'; frame-ancestors 'none'; form-action 'none'
      Content-Type:
      - application/json; charset=utf-8
      Referrer-Policy:
      - strict-origin-when-cross-origin
      Transfer-Encoding:
      - chunked
      Vary:
      - Accept, Origin
      X-Content-Type-Options:
      - nosniff
      X-Download-Options:
      - noopen
      X-Frame-Options:
      - SAMEORIGIN
      X-Permitted-Cross-Domain-Policies:
      - none
      X-Request-Id:
      - 6a06533e-ac71-42bb-9335-a441ebbd012c
      X-Runtime:
      - '0.014473'
      X-XSS-Protection:
      - 1; mode=block
    status:
      code: 404
      message: Not Found
- request:
    body: null
    headers:
      Accept:
      - '*/*'
      Accept-Encoding:
      - gzip, deflate
      Authorization:
      - Bearer __MASTODON_PY_TEST_ACCESS_TOKEN
      Connection:
      - keep-alive
      User-Agent:
      - tests/v311
    method: GET
    uri: http://localhost:3000/api/v1/accounts/lookup?acct=mastodonpy_test
  response:
    body:
      string: '{"id":"111912686983985951","username":"mastodonpy_test","acct":"mastodonpy_test","display_name":"John
        Lennon","locked":true,"bot":false,"discoverable":null,"group":false,"created_at":"2024-02-11T00:00:00.000Z","note":"\u003cp\u003eI
        walk funny\u003c/p\u003e","url":"http://localhost:3000/@mastodonpy_test","avatar":"http://localhost:3000/system/accounts/avatars/111/912/686/983/985/951/original/d12b874e353776ad.jpg","avatar_static":"http://localhost:3000/system/accounts/avatars/111/912/686/983/985/951/original/d12b874e353776ad.jpg","header":"http://localhost:3000/system/accounts/headers/111/912/686/983/985/951/original/7293a7e8cf057bc7.jpg","header_static":"http://localhost:3000/system/accounts/headers/111/912/686/983/985/951/original/7293a7e8cf057bc7.jpg","followers_count":0,"following_count":0,"statuses_count":0,"last_status_at":"2024-02-11","noindex":false,"emojis":[],"roles":[],"fields":[{"name":"bread","value":"toasty.","verified_at":null},{"name":"lasagna","value":"no!!!","verified_at":null}]}'
    headers:
      Cache-Control:
      - private, no-store
      Content-Security-Policy:
      - default-src 'none'; frame-ancestors 'none'; form-action 'none'
      Content-Type:
      - application/json; charset=utf-8
      ETag:
      - W/"8b0aa1c402ddfe8b774724d8fb597705"
      Referrer-Policy:
      - strict-origin-when-cross-origin
      Transfer-Encoding:
      - chunked
      Vary:
      - Accept, Origin
      X-Content-Type-Options:
      - nosniff
      X-Download-Options:
      - noopen
      X-Frame-Options:
      - SAMEORIGIN
      X-Permitted-Cross-Domain-Policies:
      - none
      X-Request-Id:
      - b5bc676a-a1b0-4b84-8747-cd12279b5420
      X-Runtime:
      - '0.016666'
      X-XSS-Protection:
      - 1; mode=block
    status:
      code: 200
      message: OK
- request:
    body: null
    headers:
      Accept:
      - '*/*'
      Accept-Encoding:
      - gzip, deflate
      Authorization:
      - Bearer __MASTODON_PY_TEST_ACCESS_TOKEN
      Connection:
      - keep-alive
      User-Agent:
      - tests/v311
    method: GET
    uri: http://localhost:3000/api/v1/accounts/lookup?acct=mastodonpy_test%40localhost%3A3000
  response:
    body:
      string: '{"id":"111912686983985951","username":"mastodonpy_test","acct":"mastodonpy_test","display_name":"John
        Lennon","locked":true,"bot":false,"discoverable":null,"group":false,"created_at":"2024-02-11T00:00:00.000Z","note":"\u003cp\u003eI
        walk funny\u003c/p\u003e","url":"http://localhost:3000/@mastodonpy_test","avatar":"http://localhost:3000/system/accounts/avatars/111/912/686/983/985/951/original/d12b874e353776ad.jpg","avatar_static":"http://localhost:3000/system/accounts/avatars/111/912/686/983/985/951/original/d12b874e353776ad.jpg","header":"http://localhost:3000/system/accounts/headers/111/912/686/983/985/951/original/7293a7e8cf057bc7.jpg","header_static":"http://localhost:3000/system/accounts/headers/111/912/686/983/985/951/original/7293a7e8cf057bc7.jpg","followers_count":0,"following_count":0,"statuses_count":0,"last_status_at":"2024-02-11","noindex":false,"emojis":[],"roles":[],"fields":[{"name":"bread","value":"toasty.","verified_at":null},{"name":"lasagna","value":"no!!!","verified_at":null}]}'
    headers:
      Cache-Control:
      - private, no-store
      Content-Security-Policy:
      - default-src 'none'; frame-ancestors 'none'; form-action 'none'
      Content-Type:
      - application/json; charset=utf-8
      ETag:
      - W/"8b0aa1c402ddfe8b774724d8fb597705"
      Referrer-Policy:
      - strict-origin-when-cross-origin
      Transfer-Encoding:
      - chunked
      Vary:
      - Accept, Origin
      X-Content-Type-Options:
      - nosniff
      X-Download-Options:
      - noopen
      X-Frame-Options:
      - SAMEORIGIN
      X-Permitted-Cross-Domain-Policies:
      - none
      X-Request-Id:
      - 4041fed7-8af6-4053-9a2f-ec67e4a78f94
      X-Runtime:
      - '0.015361'
      X-XSS-Protection:
      - 1; mode=block
    status:
      code: 200
      message: OK
version: 1
